gpl.cpp::main()
  input file(tests/t001.gpl)
  random seed(42)
  read_keypresses_from_standard_input(true)
  dump_pixels(false)
  symbol_table(true)
  graphics(true)

gpl.cpp::main() Calling yyparse()


gpl.cpp::main() after call to yyparse().


Printing the symbol table from main()
int a = 5
gpl.cpp::main() Calling window->initialize().

print[4]: This is one initialization block. a=5
print[6]: Now a=10

gpl.cpp::main() Passing control to window->main_loop().

User quit program.  Executing termination blocks
