gpl.cpp::main()
  input file(tests/t008.gpl)
  random seed(42)
  read_keypresses_from_standard_input(true)
  dump_pixels(false)
  symbol_table(true)
  graphics(true)

gpl.cpp::main() Calling yyparse()


gpl.cpp::main() after call to yyparse().


Printing the symbol table from main()
double lhs_double = 0
int lhs_int = 0
string lhs_string = ""
double rhs_double = 33.33
int rhs_int = 22
string rhs_string = "Blobo"
gpl.cpp::main() Calling window->initialize().


gpl.cpp::main() Passing control to window->main_loop().
print[11]: Assignment. h-key pressed
print[19]: Assignment. j-key pressed
print[26]: Assignment. k-key pressed

User quit program. Printing the symbol table.
double lhs_double = 22
int lhs_int = 22
string lhs_string = "33.330000"
double rhs_double = 33.33
int rhs_int = 22
string rhs_string = "Blobo"
