gpl.cpp::main()
  input file(tests/t018.gpl)
  random seed(42)
  read_keypresses_from_standard_input(true)
  dump_pixels(false)
  symbol_table(true)
  graphics(true)

gpl.cpp::main() Calling yyparse()


gpl.cpp::main() after call to yyparse().


Printing the symbol table from main()
gpl.cpp::main() Calling window->initialize().


gpl.cpp::main() Passing control to window->main_loop().
print[6]: This is spread across multpile lines.
print[6]: This is spread across multpile lines.
print[6]: This is spread across multpile lines.
print[6]: This is spread across multpile lines.
print[6]: This is spread across multpile lines.
print[6]: This is spread across multpile lines.
print[6]: This is spread across multpile lines.
print[6]: This is spread across multpile lines.
print[6]: This is spread across multpile lines.
print[6]: This is spread across multpile lines.

User quit program. Printing the symbol table.
