gpl.cpp::main()
  input file(tests/t021.gpl)
  random seed(42)
  read_keypresses_from_standard_input(true)
  dump_pixels(false)
  symbol_table(true)
  graphics(true)

gpl.cpp::main() Calling yyparse()


gpl.cpp::main() after call to yyparse().


Printing the symbol table from main()
gpl.cpp::main() Calling window->initialize().


gpl.cpp::main() Passing control to window->main_loop().
print[3]: Test-A, they are equal.
print[5]: Confirm If::execute() ends with:
print[6]:     if(next!=nullptr) next->execute();
print[13]: Confirm If::execute() ends with:
print[14]:     if(next!=nullptr) next->execute();
print[21]: Test-C, they are not equal.
print[23]: Confirm If::execute() ends with:
print[24]:     if(next!=nullptr) next->execute();
print[29]: Test-D, they are equal.
print[33]: Confirm If::execute() ends with:
print[34]:     if(next!=nullptr) next->execute();

User quit program. Printing the symbol table.
