gpl.cpp::main()
  input file(tests/t024.gpl)
  random seed(42)
  read_keypresses_from_standard_input(true)
  dump_pixels(false)
  symbol_table(true)
  graphics(true)

gpl.cpp::main() Calling yyparse()


gpl.cpp::main() after call to yyparse().


Printing the symbol table from main()
int i = 99
gpl.cpp::main() Calling window->initialize().


gpl.cpp::main() Passing control to window->main_loop().
print[7]: Counting: 0
print[7]: Counting: 1
print[7]: Counting: 2
print[7]: Counting: 3
print[7]: Counting: 4
print[10]: 
print[17]: Counting: 0
print[17]: Counting: 1
print[17]: Counting: 2
print[17]: Counting: 3
print[17]: Counting: 4
print[22]: 
print[30]: Counting: 0
print[30]: Counting: 1
print[30]: Counting: 2
print[30]: Counting: 3
print[30]: Counting: 4

User quit program. Printing the symbol table.
int i = 5
