gpl.cpp::main()
  input file(tests/t014.gpl)
  random seed(42)
  read_keypresses_from_standard_input(false)
  dump_pixels(false)
  symbol_table(true)
  graphics(false)

gpl.cpp::main() Calling yyparse()


gpl.cpp::main() after call to yyparse().

No errors found (parser probably worked correctly).


Printing the symbol table from main()
string a = "9"
string b = "11.200000"
string c = "7apples"
string d = "14.500000"
string e = "16.700000"
string f = "12.500000apples"
string g = "bobbing2"
string h = "bobbing4.200000"
string i = "bobbingapples"
Graphics is turned off by the Makefile.  Program exiting.

gpl.cpp::main() done.
