gpl.cpp::main()
  input file(tests/t017.gpl)
  random seed(42)
  read_keypresses_from_standard_input(false)
  dump_pixels(false)
  symbol_table(true)
  graphics(false)

gpl.cpp::main() Calling yyparse()


gpl.cpp::main() after call to yyparse().

No errors found (parser probably worked correctly).


Printing the symbol table from main()
double a = 14
double b = 29.4
double d = 25
double e = 52.5
Graphics is turned off by the Makefile.  Program exiting.

gpl.cpp::main() done.
