gpl.cpp::main()
  input file(tests/t023.gpl)
  random seed(42)
  read_keypresses_from_standard_input(false)
  dump_pixels(false)
  symbol_table(true)
  graphics(false)

gpl.cpp::main() Calling yyparse()


gpl.cpp::main() after call to yyparse().

No errors found (parser probably worked correctly).


Printing the symbol table from main()
double a = 5
double b = 2.8
double d = 10.5
double e = 8.3
Graphics is turned off by the Makefile.  Program exiting.

gpl.cpp::main() done.
