gpl.cpp::main()
  input file(tests/t025.gpl)
  random seed(42)
  read_keypresses_from_standard_input(false)
  dump_pixels(false)
  symbol_table(true)
  graphics(false)

gpl.cpp::main() Calling yyparse()


gpl.cpp::main() after call to yyparse().

No errors found (parser probably worked correctly).


Printing the symbol table from main()
string a = "5"
string b = "2.800000"
string d = "10.500000"
string e = "8.300000"
Graphics is turned off by the Makefile.  Program exiting.

gpl.cpp::main() done.
