gpl.cpp::main()
  input file(tests/t035.gpl)
  random seed(42)
  read_keypresses_from_standard_input(false)
  dump_pixels(false)
  symbol_table(true)
  graphics(false)

gpl.cpp::main() Calling yyparse()


gpl.cpp::main() after call to yyparse().

No errors found (parser probably worked correctly).


Printing the symbol table from main()
double a = 3
double b = 1.66667
double d = 6.25
double e = 2.97619
Graphics is turned off by the Makefile.  Program exiting.

gpl.cpp::main() done.
