gpl.cpp::main()
  input file(tests/t055.gpl)
  random seed(42)
  read_keypresses_from_standard_input(false)
  dump_pixels(false)
  symbol_table(true)
  graphics(false)

gpl.cpp::main() Calling yyparse()


gpl.cpp::main() after call to yyparse().

No errors found (parser probably worked correctly).


Printing the symbol table from main()
double a = 1
double b = 1
double c = 0
double d = 1
double e = 1
double f = 0
double g = 1
double h = 1
double i = 1
Graphics is turned off by the Makefile.  Program exiting.

gpl.cpp::main() done.
