gpl.cpp::main()
  input file(tests/t062.gpl)
  random seed(42)
  read_keypresses_from_standard_input(false)
  dump_pixels(false)
  symbol_table(true)
  graphics(false)

gpl.cpp::main() Calling yyparse()


gpl.cpp::main() after call to yyparse().

No errors found (parser probably worked correctly).


Printing the symbol table from main()
string a = "1"
string b = "1"
string c = "0"
string d = "1"
string e = "1"
string f = "0"
string g = "1"
string h = "1"
string i = "1"
Graphics is turned off by the Makefile.  Program exiting.

gpl.cpp::main() done.
