gpl.cpp::main()
  input file(tests/t073.gpl)
  random seed(42)
  read_keypresses_from_standard_input(false)
  dump_pixels(false)
  symbol_table(true)
  graphics(false)

gpl.cpp::main() Calling yyparse()


gpl.cpp::main() after call to yyparse().

No errors found (parser probably worked correctly).


Printing the symbol table from main()
double d = 0.121869
double e = 0.21644
string g = "0.121869"
string h = "0.216440"
Graphics is turned off by the Makefile.  Program exiting.

gpl.cpp::main() done.
