gpl.cpp::main()
  input file(tests/t083.gpl)
  random seed(42)
  read_keypresses_from_standard_input(false)
  dump_pixels(false)
  symbol_table(true)
  graphics(false)

gpl.cpp::main() Calling yyparse()


gpl.cpp::main() after call to yyparse().

No errors found (parser probably worked correctly).


Printing the symbol table from main()
double d = 81.8699
double e = 85.4261
string g = "81.869898"
string h = "85.426079"
Graphics is turned off by the Makefile.  Program exiting.

gpl.cpp::main() done.
