gpl.cpp::main()
  input file(tests/t091.gpl)
  random seed(42)
  read_keypresses_from_standard_input(false)
  dump_pixels(false)
  symbol_table(true)
  graphics(false)

gpl.cpp::main() Calling yyparse()


gpl.cpp::main() after call to yyparse().

No errors found (parser probably worked correctly).


Printing the symbol table from main()
int a = 5
int b = 0
double d = 3
double e = 9
string g = "0"
string h = "10"
Graphics is turned off by the Makefile.  Program exiting.

gpl.cpp::main() done.
