gpl.cpp::main()
  input file(tests/t095.gpl)
  random seed(42)
  read_keypresses_from_standard_input(false)
  dump_pixels(false)
  symbol_table(true)
  graphics(false)

gpl.cpp::main() Calling yyparse()


gpl.cpp::main() after call to yyparse().

No errors found (parser probably worked correctly).


Printing the symbol table from main()
int apple[0] = 0
int apple[1] = 0
int apple[2] = 0
int apple[3] = 0
int apple[4] = 0
int apple[5] = 0
int apple[6] = 0
double banana[0] = 0
double banana[1] = 0
double banana[2] = 0
double banana[3] = 0
double banana[4] = 0
double banana[5] = 0
double banana[6] = 0
double banana[7] = 0
double banana[8] = 0
double banana[9] = 0
double banana[10] = 0
double banana[11] = 0
string carrot[0] = ""
string carrot[1] = ""
string carrot[2] = ""
string carrot[3] = ""
Graphics is turned off by the Makefile.  Program exiting.

gpl.cpp::main() done.
