gpl.cpp::main()
  input file(tests/t003.gpl)
  random seed(42)
  read_keypresses_from_standard_input(false)
  dump_pixels(false)
  symbol_table(false)
  graphics(false)

gpl.cpp::main() Calling yyparse()

Integer constant -->400<--
Integer constant -->300<--
String constant -->gpl Pong<--
Integer constant -->99<--
Integer constant -->30<--
Integer constant -->5<--
Integer constant -->2<--
Integer constant -->5<--
Integer constant -->40<--
Integer constant -->10<--
Integer constant -->10<--
Integer constant -->2<--
Integer constant -->2<--
Integer constant -->2<--
Integer constant -->2<--
Integer constant -->0<--
Integer constant -->0<--
Integer constant -->2<--

gpl.cpp::main() after call to yyparse().

No errors found (parser probably worked correctly).

Graphics is turned off by the Makefile.  Program exiting.

gpl.cpp::main() done.
