gpl.cpp::main()
  input file(tests/t018.gpl)
  random seed(42)
  read_keypresses_from_standard_input(false)
  dump_pixels(false)
  symbol_table(false)
  graphics(false)

gpl.cpp::main() Calling yyparse()

Double constant -->98.7<--
Integer constant -->24<--
Integer constant -->32<--
Double constant -->3.14<--

gpl.cpp::main() after call to yyparse().

No errors found (parser probably worked correctly).

Graphics is turned off by the Makefile.  Program exiting.

gpl.cpp::main() done.
